yarn run v1.22.22
$ tsc -b && vite build
src/pages/audit/AuditLogPage.tsx(4,1): error TS6133: 'safeJsonParse' is declared but its value is never read.
src/pages/dashboard/OverviewPage.tsx(81,39): error TS6133: 'i' is declared but its value is never read.
src/pages/reports/PortfolioPage.tsx(9,33): error TS6133: 'formatCurrency' is declared but its value is never read.
src/pages/reports/ReportDetailPage.tsx(8,21): error TS6133: 'Download' is declared but its value is never read.
src/pages/users/UserManagementPage.tsx(8,31): error TS6133: 'Users' is declared but its value is never read.
src/pages/users/UserManagementPage.tsx(34,9): error TS6133: 'roleBadgeVariant' is declared but its value is never read.
src/pages/withdrawals/WithdrawalListPage.tsx(7,18): error TS6133: 'FileSpreadsheet' is declared but its value is never read.
src/routes/index.tsx(48,66): error TS2503: Cannot find namespace 'JSX'.
src/services/authService.ts(2,1): error TS6133: 'API' is declared but its value is never read.
node.exe : error Command failed with exit code 
1.
At C:\Users\Dantez\AppData\Roaming\npm\yarn.ps1
:24 char:5
+     & "node$exe"  
"$basedir/node_modules/yarn/bin/yarn.js" $args
+     ~~~~~~~~~~~~~~~~~~~~~~~~~~~~~~~~~~~~~~~~~
~~~~~~~~~~~~~~~~~~~
    + CategoryInfo          : NotSpecified: (e 
   rror Command failed with exit code 1.:Stri  
  ng) [], RemoteException
    + FullyQualifiedErrorId : NativeCommandErr 
   or
 
info Visit https://yarnpkg.com/en/docs/cli/run for documentation about this command.
